// Jest Snapshot v1, https://goo.gl/fbAQLP

exports[`matches snapshot 1`] = `
<div
  className="css-4g6ai3"
  data-projection-id={3}
  draggable={false}
  style={
    {
      "WebkitTouchCallout": "none",
      "WebkitUserSelect": "none",
      "touchAction": "none",
      "userSelect": "none",
    }
  }
>
  <button
    className="chakra-button css-jywq9"
    data-testid="button"
    onClick={[Function]}
    type="button"
  >
    signIn
  </button>
</div>
`;
