// Jest Snapshot v1, https://goo.gl/fbAQLP

exports[`matches snapshot 1`] = `
<div
  className="chakra-stack css-hwd34h"
>
  <div
    className="css-4g6ai3"
    draggable={false}
    style={
      Object {
        "WebkitTouchCallout": "none",
        "WebkitUserSelect": "none",
        "touchAction": "none",
        "userSelect": "none",
      }
    }
  >
    <button
      className="chakra-button css-ufcox6"
      data-testid="button"
      onClick={[Function]}
      type="button"
    >
      common:signIn
    </button>
  </div>
</div>
`;
