// Jest Snapshot v1, https://goo.gl/fbAQLP

exports[`matches snapshot 1`] = `
<div
  className="chakra-stack css-txa9om"
  draggable={false}
  style={
    Object {
      "WebkitTouchCallout": "none",
      "WebkitUserSelect": "none",
      "touchAction": "none",
      "userSelect": "none",
    }
  }
>
  <button
    className="chakra-button css-18xb7k4"
    data-testid="button"
    onClick={[Function]}
    type="button"
  >
    common:signIn
  </button>
</div>
`;
